// Jest Snapshot v1, https://goo.gl/fbAQLP

exports[`StolenBikeList Render correctly StolenBikeList should render correctly with bikes 1`] = `
<StolenBikeList
  bikes={
    Object {
      "1": Object {
        "address": "Berlin",
        "description": "Stolen Bike des.",
        "id": "1",
        "location_description": null,
        "location_type": null,
        "media": Object {
          "image_url": null,
          "image_url_thumb": null,
        },
        "occurred_at": 1554543180609,
        "source": Object {
          "api_url": "",
          "html_url": null,
          "name": null,
        },
        "title": "Stolen Bike",
        "type": "Theft",
        "type_properties": null,
        "updated_at": 1554543180609,
      },
    }
  }
>
  <div
    className="bikes-list-wrapper"
  >
    <StolenBikeItem
      bike={
        Object {
          "address": "Berlin",
          "description": "Stolen Bike des.",
          "id": "1",
          "location_description": null,
          "location_type": null,
          "media": Object {
            "image_url": null,
            "image_url_thumb": null,
          },
          "occurred_at": 1554543180609,
          "source": Object {
            "api_url": "",
            "html_url": null,
            "name": null,
          },
          "title": "Stolen Bike",
          "type": "Theft",
          "type_properties": null,
          "updated_at": 1554543180609,
        }
      }
      id="1"
      key="1"
    >
      <div
        className="bike-item"
        id="bike-item-1"
      >
        <img
          className="noImage"
          src="/public/img/bike.svg"
        />
        <div
          className="bike-content"
        >
          <div
            className="bike-title"
          >
            Stolen Bike
          </div>
          <div>
            <label>
              Description:
            </label>
            Stolen Bike des.
          </div>
          <div>
            <label>
              Location:
            </label>
            Berlin
          </div>
          <div>
            <label>
              Date of the theft:
            </label>
            6 April 2019
          </div>
          <div>
            <label>
              Date of the Report:
            </label>
            6 April 2019
          </div>
        </div>
      </div>
    </StolenBikeItem>
    <Pagination
      onChange={[Function]}
    >
      <LocaleReceiver
        componentName="Pagination"
        defaultLocale={
          Object {
            "items_per_page": "/ page",
            "jump_to": "Goto",
            "jump_to_confirm": "confirm",
            "next_3": "Next 3 Pages",
            "next_5": "Next 5 Pages",
            "next_page": "Next Page",
            "page": "",
            "prev_3": "Previous 3 Pages",
            "prev_5": "Previous 5 Pages",
            "prev_page": "Previous Page",
          }
        }
      >
        <Pagination
          className=""
          defaultCurrent={1}
          defaultPageSize={10}
          hideOnSinglePage={false}
          itemRender={[Function]}
          jumpNextIcon={
            <a
              className="ant-pagination-item-link"
            >
              <div
                className="ant-pagination-item-container"
              >
                <Icon
                  className="ant-pagination-item-link-icon"
                  type="double-right"
                />
                <span
                  className="ant-pagination-item-ellipsis"
                >
                  •••
                </span>
              </div>
            </a>
          }
          jumpPrevIcon={
            <a
              className="ant-pagination-item-link"
            >
              <div
                className="ant-pagination-item-container"
              >
                <Icon
                  className="ant-pagination-item-link-icon"
                  type="double-left"
                />
                <span
                  className="ant-pagination-item-ellipsis"
                >
                  •••
                </span>
              </div>
            </a>
          }
          locale={
            Object {
              "items_per_page": "/ page",
              "jump_to": "Goto",
              "jump_to_confirm": "confirm",
              "next_3": "Next 3 Pages",
              "next_5": "Next 5 Pages",
              "next_page": "Next Page",
              "page": "",
              "prev_3": "Previous 3 Pages",
              "prev_5": "Previous 5 Pages",
              "prev_page": "Previous Page",
            }
          }
          nextIcon={
            <a
              className="ant-pagination-item-link"
            >
              <Icon
                type="right"
              />
            </a>
          }
          onChange={[Function]}
          onShowSizeChange={[Function]}
          prefixCls="ant-pagination"
          prevIcon={
            <a
              className="ant-pagination-item-link"
            >
              <Icon
                type="left"
              />
            </a>
          }
          selectComponentClass={[Function]}
          selectPrefixCls="ant-select"
          showLessItems={false}
          showPrevNextJumpers={true}
          showQuickJumper={false}
          showSizeChanger={false}
          showTitle={true}
          style={Object {}}
          total={0}
        >
          <ul
            className="ant-pagination "
            style={Object {}}
            unselectable="unselectable"
          >
            <li
              aria-disabled={true}
              className="ant-pagination-disabled ant-pagination-prev"
              onClick={[Function]}
              onKeyPress={[Function]}
              tabIndex={null}
              title="Previous Page"
            >
              <a
                className="ant-pagination-item-link"
              >
                <Icon
                  type="left"
                >
                  <LocaleReceiver
                    componentName="Icon"
                  >
                    <i
                      aria-label="icon: left"
                      className="anticon anticon-left"
                    >
                      <IconReact
                        className=""
                        type="left-o"
                      >
                        <svg
                          aria-hidden="true"
                          className=""
                          data-icon="left"
                          fill="currentColor"
                          height="1em"
                          key="svg-left"
                          viewBox="64 64 896 896"
                          width="1em"
                        >
                          <path
                            d="M724 218.3V141c0-6.7-7.7-10.4-12.9-6.3L260.3 486.8a31.86 31.86 0 0 0 0 50.3l450.8 352.1c5.3 4.1 12.9.4 12.9-6.3v-77.3c0-4.9-2.3-9.6-6.1-12.6l-360-281 360-281.1c3.8-3 6.1-7.7 6.1-12.6z"
                            key="svg-left-svg-0"
                          />
                        </svg>
                      </IconReact>
                    </i>
                  </LocaleReceiver>
                </Icon>
              </a>
            </li>
            <Pager
              className="ant-pagination-disabled"
              itemRender={[Function]}
              key="noPager"
              locale={
                Object {
                  "items_per_page": "/ page",
                  "jump_to": "Goto",
                  "jump_to_confirm": "confirm",
                  "next_3": "Next 3 Pages",
                  "next_5": "Next 5 Pages",
                  "next_page": "Next Page",
                  "page": "",
                  "prev_3": "Previous 3 Pages",
                  "prev_5": "Previous 5 Pages",
                  "prev_page": "Previous Page",
                }
              }
              onClick={[Function]}
              onKeyPress={[Function]}
              page={0}
              rootPrefixCls="ant-pagination"
              showTitle={true}
            >
              <li
                className="ant-pagination-item ant-pagination-item-0 ant-pagination-disabled ant-pagination-item-disabled"
                onClick={[Function]}
                onKeyPress={[Function]}
                tabIndex="0"
                title={0}
              >
                <a>
                  0
                </a>
              </li>
            </Pager>
            <li
              aria-disabled={true}
              className="ant-pagination-disabled ant-pagination-next"
              onClick={[Function]}
              onKeyPress={[Function]}
              tabIndex={null}
              title="Next Page"
            >
              <a
                className="ant-pagination-item-link"
              >
                <Icon
                  type="right"
                >
                  <LocaleReceiver
                    componentName="Icon"
                  >
                    <i
                      aria-label="icon: right"
                      className="anticon anticon-right"
                    >
                      <IconReact
                        className=""
                        type="right-o"
                      >
                        <svg
                          aria-hidden="true"
                          className=""
                          data-icon="right"
                          fill="currentColor"
                          height="1em"
                          key="svg-right"
                          viewBox="64 64 896 896"
                          width="1em"
                        >
                          <path
                            d="M765.7 486.8L314.9 134.7A7.97 7.97 0 0 0 302 141v77.3c0 4.9 2.3 9.6 6.1 12.6l360 281.1-360 281.1c-3.9 3-6.1 7.7-6.1 12.6V883c0 6.7 7.7 10.4 12.9 6.3l450.8-352.1a31.96 31.96 0 0 0 0-50.4z"
                            key="svg-right-svg-0"
                          />
                        </svg>
                      </IconReact>
                    </i>
                  </LocaleReceiver>
                </Icon>
              </a>
            </li>
            <Options
              changeSize={null}
              current={1}
              goButton={false}
              locale={
                Object {
                  "items_per_page": "/ page",
                  "jump_to": "Goto",
                  "jump_to_confirm": "confirm",
                  "next_3": "Next 3 Pages",
                  "next_5": "Next 5 Pages",
                  "next_page": "Next Page",
                  "page": "",
                  "prev_3": "Previous 3 Pages",
                  "prev_5": "Previous 5 Pages",
                  "prev_page": "Previous Page",
                }
              }
              pageSize={10}
              pageSizeOptions={
                Array [
                  "10",
                  "20",
                  "30",
                  "40",
                ]
              }
              quickGo={null}
              rootPrefixCls="ant-pagination"
              selectComponentClass={[Function]}
              selectPrefixCls="ant-select"
            />
          </ul>
        </Pagination>
      </LocaleReceiver>
    </Pagination>
  </div>
</StolenBikeList>
`;

exports[`StolenBikeList Render correctly StolenBikeList snapshot test Without bikes 1`] = `
<div
  className="bikes-list-wrapper"
>
  <Pagination
    onChange={[Function]}
  />
</div>
`;
